
Discarded input sections

 .text          0x00000000        0x0 obj/BGSmall8Font.o
 .data          0x00000000        0x0 obj/BGSmall8Font.o
 .bss           0x00000000        0x0 obj/BGSmall8Font.o
 .text          0x00000000        0x0 obj/crt0.o
 .data          0x00000000        0x0 obj/crt0.o
 .bss           0x00000000        0x0 obj/crt0.o
 .text          0x00000000        0x0 obj/div.o
 .data          0x00000000        0x0 obj/div.o
 .bss           0x00000000        0x0 obj/div.o
 .iwram         0x00000000       0x10 obj/div.o
 .text          0x00000000        0x0 obj/common.o
 .data          0x00000000        0x0 obj/common.o
 .bss           0x00000000        0x0 obj/common.o
 .ewram         0x00000000      0x178 obj/common.o
 .iwram         0x00000000      0x640 obj/common.o
 .rodata        0x00000000      0x108 obj/common.o
 .comment       0x00000000       0x24 obj/common.o
 .text          0x00000000        0x0 obj/gbfs.o
 .data          0x00000000        0x0 obj/gbfs.o
 .bss           0x00000000        0xc obj/gbfs.o
 .rodata.str1.4
                0x00000000       0xb0 obj/gbfs.o
 .ewram         0x00000000       0xc8 obj/gbfs.o
 .iwram         0x00000000      0x1c0 obj/gbfs.o
 .comment       0x00000000       0x24 obj/gbfs.o
 .text          0x00000000        0x0 obj/mt19937ar.o
 .data          0x00000000        0x2 obj/mt19937ar.o
 .bss           0x00000000      0x9c0 obj/mt19937ar.o
 .iwram         0x00000000      0x1a8 obj/mt19937ar.o
 .rodata        0x00000000        0x8 obj/mt19937ar.o
 .comment       0x00000000       0x24 obj/mt19937ar.o
 .text          0x00000000        0x0 obj/sys_arm.o
 .data          0x00000000        0x0 obj/sys_arm.o
 .bss           0x00000000        0x0 obj/sys_arm.o
 .iwram         0x00000000       0x10 obj/sys_arm.o
 .comment       0x00000000       0x24 obj/sys_arm.o
 .data          0x00000000        0x0 obj/main.o

Memory Configuration

Name             Origin             Length             Attributes
rom              0x08000000         0x02000000
iwram            0x03000000         0x00008000
ewram            0x02000000         0x00040000
*default*        0x00000000         0xffffffff

Linker script and memory map

                0x08000000                        __text_start = ORIGIN (rom)
                0x02040000                        __eheap_end = (ORIGIN (ewram) + LENGTH (ewram))
                0x03000000                        __iwram_start = ORIGIN (iwram)
                0x03008000                        __iwram_top = (ORIGIN (iwram) + LENGTH (iwram))
                0x03007fa0                        __sp_irq = (__iwram_top - 0x60)
                0x03007f00                        __sp_usr = (__sp_irq - 0xa0)
                0x03007ff8                        __irq_flags = 0x3007ff8
                0x08000000                        . = __text_start

.crt0           0x08000000      0x1f8
 *(.crt0)
 .crt0          0x08000000      0x1f8 obj/crt0.o
                0x08000000                _start
                0x080000c4                __boot_method
                0x080000c5                __slave_number
                0x080000e0                start_vector
                0x080001f8                        . = ALIGN (0x4)

.init
 *(SORT_NONE(.init))

.plt            0x080001f8        0x0
 *(.plt)
                0x080001f8                        . = ALIGN (0x4)

.text           0x080001f8      0x2c8
 *(EXCLUDE_FILE(*.iwram*) .text*)
 .text          0x080001f8      0x274 obj/main.o
                0x080001f8                WaitForVsync
                0x08000210                BGDrawChr
                0x08000224                BGDrawStr
                0x08000288                BGSetPalData16
                0x08000300                BGSetChrData
                0x08000380                InitBG
 .text.startup  0x0800046c       0x54 obj/main.o
                0x0800046c                main
 *(.gnu.linkonce.t.*)
 *(.text.*personality*)
 *(.gnu.warning)
 *(.glue_7t)
 .glue_7t       0x080004c0        0x0 linker stubs
 *(.glue_7)
 .glue_7        0x080004c0        0x0 linker stubs
 *(.vfp11_veneer)
 .vfp11_veneer  0x080004c0        0x0 linker stubs
                0x080004c0                        . = ALIGN (0x4)
                0x080004c0                        __text_end = .

.v4_bx          0x080004c0        0x0
 .v4_bx         0x080004c0        0x0 linker stubs

.iplt           0x080004c0        0x0
 .iplt          0x080004c0        0x0 obj/crt0.o

.fini           0x080004c0        0x0
 *(.fini)
                0x080004c0                        . = ALIGN (0x4)

.rodata         0x080004c0     0x342c
 *(.rodata)
 .rodata        0x080004c0     0x3400 obj/BGSmall8Font.o
                0x080004c0                BGSmall8FontTiles
                0x080036c0                BGSmall8FontPal
 *all.rodata*(*)
 *(.roda)
 *(.rodata.*)
 .rodata.str1.4
                0x080038c0       0x2a obj/main.o
 *(.gnu.linkonce.r*)
                0x080038ec                        . = ALIGN (0x4)
 *fill*         0x080038ea        0x2 ff

.ARM.extab
 *(.ARM.extab* .gnu.linkonce.armextab.*)
                0x080038ec                        __exidx_start = .

.ARM.exidx
 *(.ARM.exidx* .gnu.linkonce.armexidx.*)
                0x080038ec                        __exidx_end = .

.ctors          0x080038ec        0x0
 *crtbegin.o(.ctors)
 *(EXCLUDE_FILE(*crtend.o) .ctors)
 *(SORT_BY_NAME(.ctors.*))
 *(.ctors)
                0x080038ec                        . = ALIGN (0x4)

.dtors          0x080038ec        0x0
 *crtbegin.o(.dtors)
 *(EXCLUDE_FILE(*crtend.o) .dtors)
 *(SORT_BY_NAME(.dtors.*))
 *(.dtors)
                0x080038ec                        . = ALIGN (0x4)

.eh_frame       0x080038ec        0x0
 *(.eh_frame)
                0x080038ec                        . = ALIGN (0x4)

.gcc_except_table
                0x080038ec        0x0
 *(.gcc_except_table)
                0x080038ec                        . = ALIGN (0x4)
                0x080038ec                        __iwram_lma = .

.iwram          0x03000000        0x0 load address 0x080038ec
                0x03000000                        __iwram_start__ = ABSOLUTE (.)
 *(.iwram .iwram*)
 *iwram.*(.text* .data*)
                0x03000000                        . = ALIGN (0x4)
                0x03000000                        __iwram_end__ = ABSOLUTE (.)
                0x080038ec                        __data_lma = (__iwram_lma + SIZEOF (.iwram))

.bss            0x03000000        0x4
                0x03000000                        __bss_start = ABSOLUTE (.)
                0x03000000                        __bss_start__ = ABSOLUTE (.)
 *(.dynbss)
 *(.gnu.linkonce.b*)
 *(.bss*)
 .bss           0x03000000        0x3 obj/main.o
                0x03000000                BG3
 *(COMMON)
                0x03000004                        . = ALIGN (0x4)
 *fill*         0x03000003        0x1 
                0x03000004                        __bss_end__ = ABSOLUTE (.)

.data           0x03000004        0x0 load address 0x080038ec
                0x03000004                        __data_start__ = ABSOLUTE (.)
 *(.data*)
 *(.gnu.linkonce.d*)
                0x03000004                        . = ALIGN (0x4)
                0x080038ec                        __preinit_lma = (__data_lma + SIZEOF (.data))

.igot.plt       0x03000000        0x0
 .igot.plt      0x03000000        0x0 obj/crt0.o

.preinit_array  0x03000004        0x0 load address 0x080038ec
                0x03000004                        __preinit_array_start = ABSOLUTE (.)
 *(.preinit_array)
                0x03000004                        __preinit_array_end = ABSOLUTE (.)
                0x080038ec                        __init_lma = (__preinit_lma + SIZEOF (.preinit_array))

.init_array     0x03000004        0x0 load address 0x080038ec
                0x03000004                        __init_array_start = ABSOLUTE (.)
 *(SORT_BY_NAME(.init_array.*))
 *(.init_array)
                0x03000004                        __init_array_end = ABSOLUTE (.)
                0x080038ec                        __fini_lma = (__init_lma + SIZEOF (.init_array))

.fini_array     0x03000004        0x0 load address 0x080038ec
                0x03000004                        __fini_array_start = ABSOLUTE (.)
 *(SORT_BY_NAME(.fini_array.*))
 *(.fini_array)
                0x03000004                        __fini_array_end = ABSOLUTE (.)
                0x080038ec                        __jcr_lma = (__fini_lma + SIZEOF (.fini_array))

.jcr
 *(.jcr)
                0x03000004                        __data_end__ = ABSOLUTE (.)
                0x080038ec                        __iwram_overlay_lma = (__jcr_lma + SIZEOF (.jcr))
                0x03000004                        __iwram_overlay_start = .

.iwram0         0x03000004        0x0 load address 0x080038ec
 *(.iwram0)
                0x03000004                        . = ALIGN (0x4)
                0x080038ec                        PROVIDE (__load_start_iwram0 = LOADADDR (.iwram0))
                0x080038ec                        PROVIDE (__load_stop_iwram0 = (LOADADDR (.iwram0) + SIZEOF (.iwram0)))

.iwram1         0x03000004        0x0
 *(.iwram1)
                0x03000004                        . = ALIGN (0x4)
                [!provide]                        PROVIDE (__load_start_iwram1 = LOADADDR (.iwram1))
                [!provide]                        PROVIDE (__load_stop_iwram1 = (LOADADDR (.iwram1) + SIZEOF (.iwram1)))

.iwram2         0x03000004        0x0
 *(.iwram2)
                0x03000004                        . = ALIGN (0x4)
                [!provide]                        PROVIDE (__load_start_iwram2 = LOADADDR (.iwram2))
                [!provide]                        PROVIDE (__load_stop_iwram2 = (LOADADDR (.iwram2) + SIZEOF (.iwram2)))

.iwram3         0x03000004        0x0
 *(.iwram3)
                0x03000004                        . = ALIGN (0x4)
                [!provide]                        PROVIDE (__load_start_iwram3 = LOADADDR (.iwram3))
                [!provide]                        PROVIDE (__load_stop_iwram3 = (LOADADDR (.iwram3) + SIZEOF (.iwram3)))

.iwram4         0x03000004        0x0
 *(.iwram4)
                0x03000004                        . = ALIGN (0x4)
                [!provide]                        PROVIDE (__load_start_iwram4 = LOADADDR (.iwram4))
                [!provide]                        PROVIDE (__load_stop_iwram4 = (LOADADDR (.iwram4) + SIZEOF (.iwram4)))

.iwram5         0x03000004        0x0
 *(.iwram5)
                0x03000004                        . = ALIGN (0x4)
                [!provide]                        PROVIDE (__load_start_iwram5 = LOADADDR (.iwram5))
                [!provide]                        PROVIDE (__load_stop_iwram5 = (LOADADDR (.iwram5) + SIZEOF (.iwram5)))

.iwram6         0x03000004        0x0
 *(.iwram6)
                0x03000004                        . = ALIGN (0x4)
                [!provide]                        PROVIDE (__load_start_iwram6 = LOADADDR (.iwram6))
                [!provide]                        PROVIDE (__load_stop_iwram6 = (LOADADDR (.iwram6) + SIZEOF (.iwram6)))

.iwram7         0x03000004        0x0
 *(.iwram7)
                0x03000004                        . = ALIGN (0x4)
                [!provide]                        PROVIDE (__load_start_iwram7 = LOADADDR (.iwram7))
                [!provide]                        PROVIDE (__load_stop_iwram7 = (LOADADDR (.iwram7) + SIZEOF (.iwram7)))

.iwram8         0x03000004        0x0
 *(.iwram8)
                0x03000004                        . = ALIGN (0x4)
                [!provide]                        PROVIDE (__load_start_iwram8 = LOADADDR (.iwram8))
                [!provide]                        PROVIDE (__load_stop_iwram8 = (LOADADDR (.iwram8) + SIZEOF (.iwram8)))

.iwram9         0x03000004        0x0
 *(.iwram9)
                0x03000004                        . = ALIGN (0x4)
                [!provide]                        PROVIDE (__load_start_iwram9 = LOADADDR (.iwram9))
                [!provide]                        PROVIDE (__load_stop_iwram9 = (LOADADDR (.iwram9) + SIZEOF (.iwram9)))
                0x03000004                        __iwram_overlay_end = .
                0x080038ec                        __ewram_lma = (__iwram_overlay_lma + (__iwram_overlay_end - __iwram_overlay_start))
                0x03000004                        __iheap_start = .
                0x02000000                        __ewram_start = ORIGIN (ewram)

.ewram          0x02000000        0x0 load address 0x080038ec
 *(.ewram*)
                0x02000000                        . = ALIGN (0x4)
                0x02000000                        __ewram_end = ABSOLUTE (.)
                0x080038ec                        __pad_lma = (__ewram_lma + SIZEOF (.ewram))

.sbss           0x02000000        0x0
                0x02000000                        __sbss_start__ = ABSOLUTE (.)
 *(.sbss*)
                0x02000000                        . = ALIGN (0x4)
                0x02000000                        __sbss_end__ = ABSOLUTE (.)
                0x02000000                        __end__ = ABSOLUTE (.)
                0x02000000                        __eheap_start = ABSOLUTE (.)

.pad            0x02000000        0x8 load address 0x080038ec
                0x02000000        0x4 LONG 0x52416b64
                0x02000004        0x4 LONG 0x4d
                0x02000008                        . = ALIGN (0x4)
                0x080038f4                        __rom_end__ = (__pad_lma + SIZEOF (.pad))

.rel.dyn        0x02000008        0x0 load address 0x080038f4
 .rel.iplt      0x02000008        0x0 obj/crt0.o

.stab
 *(.stab)

.stabstr
 *(.stabstr)

.stab.excl
 *(.stab.excl)

.stab.exclstr
 *(.stab.exclstr)

.stab.index
 *(.stab.index)

.stab.indexstr
 *(.stab.indexstr)

.comment        0x00000000       0x23
 *(.comment)
 .comment       0x00000000       0x23 obj/main.o
                                 0x24 (size before relaxing)

.debug
 *(.debug)

.line
 *(.line)

.debug_srcinfo
 *(.debug_srcinfo)

.debug_sfnames
 *(.debug_sfnames)

.debug_aranges
 *(.debug_aranges)

.debug_pubnames
 *(.debug_pubnames)

.debug_info
 *(.debug_info)

.debug_abbrev
 *(.debug_abbrev)

.debug_line
 *(.debug_line)

.debug_frame
 *(.debug_frame)

.debug_str
 *(.debug_str)

.debug_loc
 *(.debug_loc)

.debug_macinfo
 *(.debug_macinfo)

.debug_weaknames
 *(.debug_weaknames)

.debug_funcnames
 *(.debug_funcnames)

.debug_typenames
 *(.debug_typenames)

.debug_varnames
 *(.debug_varnames)

.stack          0x00080000        0x0
                0x00080000                        _stack = .
 *(.stack)

.note.gnu.arm.ident
 *(.note.gnu.arm.ident)

.ARM.attributes
                0x00000000       0x2c
 *(.ARM.attributes)
 .ARM.attributes
                0x00000000       0x14 obj/BGSmall8Font.o
 .ARM.attributes
                0x00000014       0x20 obj/crt0.o
 .ARM.attributes
                0x00000034       0x14 obj/div.o
 .ARM.attributes
                0x00000048       0x2a obj/common.o
 .ARM.attributes
                0x00000072       0x2a obj/gbfs.o
 .ARM.attributes
                0x0000009c       0x2a obj/mt19937ar.o
 .ARM.attributes
                0x000000c6       0x2a obj/sys_arm.o
 .ARM.attributes
                0x000000f0       0x2a obj/main.o

/DISCARD/
 *(.note.GNU-stack)
LOAD obj/BGSmall8Font.o
LOAD obj/crt0.o
LOAD obj/div.o
LOAD obj/common.o
LOAD obj/gbfs.o
LOAD obj/mt19937ar.o
LOAD obj/sys_arm.o
LOAD obj/main.o
LOAD c:/devkitpro/devkitarm/bin/../lib/gcc/arm-none-eabi/12.2.0/../../../../arm-none-eabi/lib\libstdc++.a
LOAD c:/devkitpro/devkitarm/bin/../lib/gcc/arm-none-eabi/12.2.0/../../../../arm-none-eabi/lib\libstdc++.a
LOAD c:/devkitpro/devkitarm/bin/../lib/gcc/arm-none-eabi/12.2.0/../../../../arm-none-eabi/lib\libm.a
START GROUP
LOAD c:/devkitpro/devkitarm/bin/../lib/gcc/arm-none-eabi/12.2.0\libgcc.a
LOAD c:/devkitpro/devkitarm/bin/../lib/gcc/arm-none-eabi/12.2.0/../../../../arm-none-eabi/lib\libc.a
LOAD c:/devkitpro/devkitarm/bin/../lib/gcc/arm-none-eabi/12.2.0/../../../../arm-none-eabi/lib\libsysbase.a
END GROUP
OUTPUT(test.elf elf32-littlearm)
LOAD linker stubs
